▲ Next.js 16.2.6
- Local:         http://localhost:3000
- Network:       http://169.254.0.21:3000
✓ Ready in 106ms
Killed
▲ Next.js 16.2.6
- Local:         http://localhost:3000
- Network:       http://169.254.0.21:3000
✓ Ready in 125ms
Killed
⨯ Failed to start server
Error: listen EADDRINUSE: address already in use :::3000
    at <unknown> (Error: listen EADDRINUSE: address already in use :::3000)
    at new Promise (<anonymous>) {
  code: 'EADDRINUSE',
  errno: -98,
  syscall: 'listen',
  address: '::',
  port: 3000
}
▲ Next.js 16.2.6
- Local:         http://localhost:3000
- Network:       http://169.254.0.21:3000
✓ Ready in 124ms
⨯ Error: Failed query: insert into "invoices" ("id", "invoice_number", "customer_id", "so_id", "quote_id", "date", "due_date", "status", "is_cancelled", "subtotal", "total_amount", "tax_amount", "discount_amount", "transport_amount", "amount_paid", "amount_due", "cost_of_goods", "payment_method", "notes", "created_at") values (default, $1, $2, $3, $4, $5, $6, $7, default, $8, $9, $10, $11, $12, $13, $14, $15, $16, $17, default) returning "id", "invoice_number", "customer_id", "so_id", "quote_id", "date", "due_date", "status", "is_cancelled", "subtotal", "total_amount", "tax_amount", "discount_amount", "transport_amount", "amount_paid", "amount_due", "cost_of_goods", "payment_method", "notes", "created_at"
params: INV-0005,3,,,2026-09-10T09:25:08.529Z,,PAID,5900.00,7054.00,754.00,100.00,500.00,7054.00,0.00,4900.00,Cash,transport verification
    at f.queryWithCache (.next/server/chunks/_10iq14i._.js:8:40331)
    at async (.next/server/chunks/_10iq14i._.js:8:43879)
    at async m (.next/server/chunks/_0.7wnx5._.js:1:6654)
    at async m.transaction (.next/server/chunks/_10iq14i._.js:8:45447)
    at async d (.next/server/chunks/_0.7wnx5._.js:1:9032)
    at async c (.next/server/chunks/_0.7wnx5._.js:1:13679) {
  query: 'insert into "invoices" ("id", "invoice_number", "customer_id", "so_id", "quote_id", "date", "due_date", "status", "is_cancelled", "subtotal", "total_amount", "tax_amount", "discount_amount", "transport_amount", "amount_paid", "amount_due", "cost_of_goods", "payment_method", "notes", "created_at") values (default, $1, $2, $3, $4, $5, $6, $7, default, $8, $9, $10, $11, $12, $13, $14, $15, $16, $17, default) returning "id", "invoice_number", "customer_id", "so_id", "quote_id", "date", "due_date", "status", "is_cancelled", "subtotal", "total_amount", "tax_amount", "discount_amount", "transport_amount", "amount_paid", "amount_due", "cost_of_goods", "payment_method", "notes", "created_at"',
  params: [
    'INV-0005',
    3,
    null,
    null,
    '2026-09-10T09:25:08.529Z',
    null,
    'PAID',
    '5900.00',
    '7054.00',
    '754.00',
    '100.00',
    '500.00',
    '7054.00',
    '0.00',
    '4900.00',
    'Cash',
    'transport verification'
  ],
  [cause]: error: duplicate key value violates unique constraint "invoices_pkey"
      at async (.next/server/chunks/_10iq14i._.js:8:44094)
      at async f.queryWithCache (.next/server/chunks/_10iq14i._.js:8:40306)
      at async (.next/server/chunks/_10iq14i._.js:8:43879)
      at async m (.next/server/chunks/_0.7wnx5._.js:1:6654)
      at async m.transaction (.next/server/chunks/_10iq14i._.js:8:45447)
      at async d (.next/server/chunks/_0.7wnx5._.js:1:9032) {
    length: 189,
    severity: 'ERROR',
    code: '23505',
    detail: 'Key (id)=(1) already exists.',
    hint: undefined,
    position: undefined,
    internalPosition: undefined,
    internalQuery: undefined,
    where: undefined,
    schema: 'public',
    table: 'invoices',
    column: undefined,
    dataType: undefined,
    constraint: 'invoices_pkey',
    file: 'nbtinsert.c',
    line: '664',
    routine: '_bt_check_unique'
  }
}
⨯ Failed to start server
Error: listen EADDRINUSE: address already in use :::3000
    at <unknown> (Error: listen EADDRINUSE: address already in use :::3000)
    at new Promise (<anonymous>) {
  code: 'EADDRINUSE',
  errno: -98,
  syscall: 'listen',
  address: '::',
  port: 3000
}
Killed
▲ Next.js 16.2.6
- Local:         http://localhost:3000
- Network:       http://169.254.0.21:3000
✓ Ready in 90ms
⨯ Failed to start server
Error: listen EADDRINUSE: address already in use :::3000
    at <unknown> (Error: listen EADDRINUSE: address already in use :::3000)
    at new Promise (<anonymous>) {
  code: 'EADDRINUSE',
  errno: -98,
  syscall: 'listen',
  address: '::',
  port: 3000
}
⨯ Failed to start server
Error: listen EADDRINUSE: address already in use :::3000
    at <unknown> (Error: listen EADDRINUSE: address already in use :::3000)
    at new Promise (<anonymous>) {
  code: 'EADDRINUSE',
  errno: -98,
  syscall: 'listen',
  address: '::',
  port: 3000
}
Killed
▲ Next.js 16.2.6
- Local:         http://localhost:3000
- Network:       http://169.254.0.21:3000
✓ Ready in 92ms
Killed
▲ Next.js 16.2.6
- Local:         http://localhost:3000
- Network:       http://169.254.0.21:3000
✓ Ready in 95ms
Killed
▲ Next.js 16.2.6
- Local:         http://localhost:3000
- Network:       http://169.254.0.21:3000
✓ Ready in 119ms
Killed
▲ Next.js 16.2.6
- Local:         http://localhost:3000
- Network:       http://169.254.0.21:3000
✓ Ready in 134ms
Killed
▲ Next.js 16.2.6
- Local:         http://localhost:3000
- Network:       http://169.254.0.21:3000
✓ Ready in 94ms
Killed
▲ Next.js 16.2.6
- Local:         http://localhost:3000
- Network:       http://169.254.0.21:3000
✓ Ready in 109ms
Killed
▲ Next.js 16.2.6
- Local:         http://localhost:3000
- Network:       http://169.254.0.21:3000
✓ Ready in 131ms
Killed
